// Jest Snapshot v1, https://goo.gl/fbAQLP

exports[`Calculator should render the component 1`] = `
<div
  className="calculator"
>
  <div
    className="left-container"
  >
    <div
      className="title-container"
    >
      <span
        className="title"
      >
        Let's do some math!
      </span>
    </div>
  </div>
  <div
    className="right-container"
  >
    <div
      className="calculator-content"
    >
      <div
        className="calculator-buttons"
      >
        <div
          className="screen"
        >
          <div
            className="display"
          >
            0
          </div>
        </div>
        <div
          className="buttons"
        >
          <button
            className="number"
            onClick={[Function]}
            type="button"
          >
            AC
          </button>
          <button
            className="number"
            onClick={[Function]}
            type="button"
          >
            +/-
          </button>
          <button
            className="number"
            onClick={[Function]}
            type="button"
          >
            %
          </button>
          <button
            className="operator"
            onClick={[Function]}
            type="button"
          >
            รท
          </button>
          <button
            className="number"
            onClick={[Function]}
            type="button"
          >
            7
          </button>
          <button
            className="number"
            onClick={[Function]}
            type="button"
          >
            8
          </button>
          <button
            className="number"
            onClick={[Function]}
            type="button"
          >
            9
          </button>
          <button
            className="operator"
            onClick={[Function]}
            type="button"
          >
            x
          </button>
          <button
            className="number"
            onClick={[Function]}
            type="button"
          >
            4
          </button>
          <button
            className="number"
            onClick={[Function]}
            type="button"
          >
            5
          </button>
          <button
            className="number"
            onClick={[Function]}
            type="button"
          >
            6
          </button>
          <button
            className="operator"
            onClick={[Function]}
            type="button"
          >
            -
          </button>
          <button
            className="number"
            onClick={[Function]}
            type="button"
          >
            1
          </button>
          <button
            className="number"
            onClick={[Function]}
            type="button"
          >
            2
          </button>
          <button
            className="number"
            onClick={[Function]}
            type="button"
          >
            3
          </button>
          <button
            className="operator"
            onClick={[Function]}
            type="button"
          >
            +
          </button>
          <button
            className="number zeroDigitButton"
            onClick={[Function]}
            type="button"
          >
            0
          </button>
          <button
            className="number"
            onClick={[Function]}
            type="button"
          >
            .
          </button>
          <button
            className="operator"
            onClick={[Function]}
            type="button"
          >
            =
          </button>
        </div>
      </div>
    </div>
  </div>
</div>
`;
